This is pdfTeX, Version 3.141592653-2.6-1.40.29 (MiKTeX 26.5) (preloaded format=pdflatex 2026.8.23)  19 SEP 2026 23:35
entering extended mode
 restricted \write18 enabled.
 file:line:error style messages enabled.
 %&-line parsing enabled.
**"e:/Ragib/Noman_vai/Zahid Sir/ri_ei_paper/ETI_ERI_IVC/cas-dc-template.tex"
(e:/Ragib/Noman_vai/Zahid Sir/ri_ei_paper/ETI_ERI_IVC/cas-dc-template.tex
LaTeX2e <2026-06-01>
L3 programming layer <2026-07-20>
(cas-dc.cls
Document Class: cas-dc 2024/05/04, 2.4: Formatting class for CAS double column articles
\c@blind=\count276
\@bls=\dimen150
(C:\Users\samin\AppData\Local\Programs\MiKTeX\tex/latex/base\article.cls
Document Class: article 2025/01/22 v1.4n Standard LaTeX document class
(C:\Users\samin\AppData\Local\Programs\MiKTeX\tex/latex/base\fleqn.clo
File: fleqn.clo 2016/12/29 v1.2b Standard LaTeX option (flush left equations)
\mathindent=\skip49
Applying: [2015/01/01] Make \[ robust on input line 50.
LaTeX Info: Redefining \[ on input line 51.
Already applied: [0000/00/00] Make \[ robust on input line 62.
Applying: [2015/01/01] Make \] robust on input line 74.
LaTeX Info: Redefining \] on input line 75.
Already applied: [0000/00/00] Make \] robust on input line 83.
) (C:\Users\samin\AppData\Local\Programs\MiKTeX\tex/latex/base\size10.clo
File: size10.clo 2025/01/22 v1.4n Standard LaTeX file (size option)
)
\c@part=\count277
\c@section=\count278
\c@subsection=\count279
\c@subsubsection=\count280
\c@paragraph=\count281
\c@subparagraph=\count282
\c@figure=\count283
\c@table=\count284
\abovecaptionskip=\skip50
\belowcaptionskip=\skip51
\bibindent=\dimen151
) (C:\Users\samin\AppData\Local\Programs\MiKTeX\tex/latex/graphics\graphicx.sty
Package: graphicx 2026-05-17 v1.2e Enhanced LaTeX Graphics (DPC,SPQR)
 (C:\Users\samin\AppData\Local\Programs\MiKTeX\tex/latex/graphics\keyval.sty
Package: keyval 2026-05-17 v1.15 key=value parser (DPC)
\KV@toks@=\toks17
) (C:\Users\samin\AppData\Local\Programs\MiKTeX\tex/latex/graphics\graphics.sty
Package: graphics 2026-05-17 v1.4h Standard LaTeX Graphics (DPC,SPQR)
 (C:\Users\samin\AppData\Local\Programs\MiKTeX\tex/latex/graphics\trig.sty
Package: trig 2023/12/02 v1.11 sin cos tan (DPC)
) (C:\Users\samin\AppData\Local\Programs\MiKTeX\tex/latex/graphics-cfg\graphics.cfg
File: graphics.cfg 2016/06/04 v1.11 sample graphics configuration
)
Package graphics Info: Driver file: pdftex.def on input line 106.
 (C:\Users\samin\AppData\Local\Programs\MiKTeX\tex/latex/graphics-def\pdftex.def
File: pdftex.def 2025/09/29 v1.2d Graphics/color driver for pdftex
))
\Gin@req@height=\dimen152
\Gin@req@width=\dimen153
) (C:\Users\samin\AppData\Local\Programs\MiKTeX\tex/latex/amsmath\amsmath.sty
Package: amsmath 2026/05/19 v2.18d AMS math features
\@mathmargin=\skip52

For additional information on amsmath, use the `?' option.
(C:\Users\samin\AppData\Local\Programs\MiKTeX\tex/latex/amsmath\amstext.sty
Package: amstext 2024/11/17 v2.01 AMS text
 (C:\Users\samin\AppData\Local\Programs\MiKTeX\tex/latex/amsmath\amsgen.sty
File: amsgen.sty 1999/11/30 v2.0 generic functions
\@emptytoks=\toks18
\ex@=\dimen154
)) (C:\Users\samin\AppData\Local\Programs\MiKTeX\tex/latex/amsmath\amsbsy.sty
Package: amsbsy 1999/11/29 v1.2d Bold Symbols
\pmbraise@=\dimen155
) (C:\Users\samin\AppData\Local\Programs\MiKTeX\tex/latex/amsmath\amsopn.sty
Package: amsopn 2022/04/08 v2.04 operator names
)
\inf@bad=\count285
LaTeX Info: Redefining \frac on input line 233.
\uproot@=\count286
\leftroot@=\count287
LaTeX Info: Redefining \overline on input line 398.
LaTeX Info: Redefining \colon on input line 409.
\classnum@=\count288
\DOTSCASE@=\count289
LaTeX Info: Redefining \ldots on input line 495.
LaTeX Info: Redefining \dots on input line 498.
LaTeX Info: Redefining \cdots on input line 619.
\Mathstrutbox@=\box53
\strutbox@=\box54
LaTeX Info: Redefining \big on input line 721.
LaTeX Info: Redefining \Big on input line 722.
LaTeX Info: Redefining \bigg on input line 723.
LaTeX Info: Redefining \Bigg on input line 724.
\big@size=\dimen156
LaTeX Font Info:    Redeclaring font encoding OML on input line 742.
LaTeX Font Info:    Redeclaring font encoding OMS on input line 743.
\macc@depth=\count290
LaTeX Info: Redefining \bmod on input line 904.
LaTeX Info: Redefining \pmod on input line 909.
LaTeX Info: Redefining \smash on input line 939.
LaTeX Info: Redefining \relbar on input line 969.
LaTeX Info: Redefining \Relbar on input line 970.
\c@MaxMatrixCols=\count291
\dotsspace@=\muskip17
\c@parentequation=\count292
\dspbrk@lvl=\count293
\tag@help=\toks19
\row@=\count294
\column@=\count295
\maxfields@=\count296
\andhelp@=\toks20
\eqnshift@=\dimen157
\alignsep@=\dimen158
\tagshift@=\dimen159
\tagwidth@=\dimen160
\totwidth@=\dimen161
\lineht@=\dimen162
\@envbody=\toks21
\multlinegap=\skip53
\multlinetaggap=\skip54
\mathdisplay@stack=\toks22
LaTeX Info: Redefining \[ on input line 2965.
LaTeX Info: Redefining \] on input line 2966.
) (C:\Users\samin\AppData\Local\Programs\MiKTeX\tex/latex/amsfonts\amsfonts.sty
Package: amsfonts 2013/01/14 v3.01 Basic AMSFonts support
\symAMSa=\mathgroup4
\symAMSb=\mathgroup5
LaTeX Font Info:    Redeclaring math symbol \hbar on input line 98.
LaTeX Font Info:    Overwriting math alphabet `\mathfrak' in version `bold'
(Font)                  U/euf/m/n --> U/euf/b/n on input line 106.
) (C:\Users\samin\AppData\Local\Programs\MiKTeX\tex/latex/amsfonts\amssymb.sty
Package: amssymb 2013/01/14 v3.01 AMS font symbols
) (C:\Users\samin\AppData\Local\Programs\MiKTeX\tex/latex/l3kernel\expl3.sty
Package: expl3 2026-07-20 L3 programming layer (loader) 
 (C:\Users\samin\AppData\Local\Programs\MiKTeX\tex/latex/l3backend\l3backend-pdftex.def
File: l3backend-pdftex.def 2026-07-20 L3 backend support: PDF output (pdfTeX)
\l__color_backend_stack_int=\count297
)) (C:\Users\samin\AppData\Local\Programs\MiKTeX\tex/latex/l3packages/xparse\xparse.sty
Package: xparse 2025-10-09 L3 Experimental document command parser
) (C:\Users\samin\AppData\Local\Programs\MiKTeX\tex/latex/etoolbox\etoolbox.sty
Package: etoolbox 2025/10/02 v2.5m e-TeX tools for LaTeX (JAW)
\etb@tempcnta=\count298
) (C:\Users\samin\AppData\Local\Programs\MiKTeX\tex/latex/preprint\balance.sty
Package: balance 1999/02/23 4.3 (PWD)
\oldvsize=\dimen163
) (C:\Users\samin\AppData\Local\Programs\MiKTeX\tex/latex/booktabs\booktabs.sty
Package: booktabs 2020/01/12 v1.61803398 Publication quality tables
\heavyrulewidth=\dimen164
\lightrulewidth=\dimen165
\cmidrulewidth=\dimen166
\belowrulesep=\dimen167
\belowbottomsep=\dimen168
\aboverulesep=\dimen169
\abovetopsep=\dimen170
\cmidrulesep=\dimen171
\cmidrulekern=\dimen172
\defaultaddspace=\dimen173
\@cmidla=\count299
\@cmidlb=\count300
\@aboverulesep=\dimen174
\@belowrulesep=\dimen175
\@thisruleclass=\count301
\@lastruleclass=\count302
\@thisrulewidth=\dimen176
) (C:\Users\samin\AppData\Local\Programs\MiKTeX\tex/latex/makecell\makecell.sty
Package: makecell 2009/08/03 V0.1e Managing of Tab Column Heads and Cells
 (C:\Users\samin\AppData\Local\Programs\MiKTeX\tex/latex/tools\array.sty
Package: array 2026/02/24 v2.7b Tabular extension package (FMi)
\col@sep=\dimen177
\ar@mcellbox=\box55
\extrarowheight=\dimen178
\NC@list=\toks23
\extratabsurround=\skip55
\backup@length=\skip56
\ar@cellbox=\box56
)
\rotheadsize=\dimen179
\c@nlinenum=\count303
\TeXr@lab=\toks24
) (C:\Users\samin\AppData\Local\Programs\MiKTeX\tex/latex/multirow\multirow.sty
Package: multirow 2024/11/12 v2.9 Span multiple rows of a table
\multirow@colwidth=\skip57
\multirow@cntb=\count304
\multirow@dima=\skip58
\bigstrutjot=\dimen180
) (C:\Users\samin\AppData\Local\Programs\MiKTeX\tex/latex/colortbl\colortbl.sty
Package: colortbl 2026/05/01 v1.0l Color table columns (DPC)
 (C:\Users\samin\AppData\Local\Programs\MiKTeX\tex/latex/graphics\color.sty
Package: color 2026-05-17 v1.3f Standard LaTeX Color (DPC)
 (C:\Users\samin\AppData\Local\Programs\MiKTeX\tex/latex/graphics-cfg\color.cfg
File: color.cfg 2016/01/02 v1.6 sample color configuration
)
Package color Info: Driver file: pdftex.def on input line 149.
 (C:\Users\samin\AppData\Local\Programs\MiKTeX\tex/latex/graphics\mathcolor.ltx))
new hooks used!!
\minrowclearance=\skip59
\rownum=\count305
) (C:\Users\samin\AppData\Local\Programs\MiKTeX\tex/latex/tools\dcolumn.sty
Package: dcolumn 2025/10/21 v1.06 decimal alignment package (DPC)
) (C:\Users\samin\AppData\Local\Programs\MiKTeX\tex/latex/sttools\stfloats.sty
Package: stfloats 2025/06/18 v3.4 Improve float mechanism and baselineskip settings
\@dblbotnum=\count306
\c@dblbotnumber=\count307
) (C:\Users\samin\AppData\Local\Programs\MiKTeX\tex/latex/tools\xspace.sty
Package: xspace 2014/10/28 v1.13 Space after command names (DPC,MH)
) (C:\Users\samin\AppData\Local\Programs\MiKTeX\tex/latex/xstring\xstring.sty (C:\Users\samin\AppData\Local\Programs\MiKTeX\tex/generic/xstring\xstring.tex
\xs_counta=\count308
\xs_countb=\count309
)
Package: xstring 2023/08/22 v1.86 String manipulations (CT)
) (C:\Users\samin\AppData\Local\Programs\MiKTeX\tex/latex/footmisc\footmisc.sty
Package: footmisc 2025/05/09 v7.0b a miscellany of footnote facilities
\FN@temptoken=\toks25
\footnotemargin=\dimen181
Package footmisc Info: Declaring symbol style bringhurst on input line 549.
Package footmisc Info: Declaring symbol style chicago on input line 557.
Package footmisc Info: Declaring symbol style wiley on input line 566.
Package footmisc Info: Declaring symbol style lamport-robust on input line 577.
Package footmisc Info: Declaring symbol style lamport* on input line 597.
Package footmisc Info: Declaring symbol style lamport*-robust on input line 618.
) (C:\Users\samin\AppData\Local\Programs\MiKTeX\tex/latex/xcolor\xcolor.sty
Package: xcolor 2024/09/29 v3.02 LaTeX color extensions (UK)
 (C:\Users\samin\AppData\Local\Programs\MiKTeX\tex/latex/graphics-cfg\color.cfg
File: color.cfg 2016/01/02 v1.6 sample color configuration
)
Package xcolor Info: Driver file: pdftex.def on input line 274.
LaTeX Info: Redefining \color on input line 762.
 (C:\Users\samin\AppData\Local\Programs\MiKTeX\tex/latex/graphics\mathcolor.ltx)
Package xcolor Info: Model `cmy' substituted by `cmy0' on input line 1349.
Package xcolor Info: Model `hsb' substituted by `rgb' on input line 1353.
Package xcolor Info: Model `RGB' extended on input line 1365.
Package xcolor Info: Model `HTML' substituted by `rgb' on input line 1367.
Package xcolor Info: Model `Hsb' substituted by `hsb' on input line 1368.
Package xcolor Info: Model `tHsb' substituted by `hsb' on input line 1369.
Package xcolor Info: Model `HSB' substituted by `hsb' on input line 1370.
Package xcolor Info: Model `Gray' substituted by `gray' on input line 1371.
Package xcolor Info: Model `wave' substituted by `hsb' on input line 1372.
) (C:\Users\samin\AppData\Local\Programs\MiKTeX\tex/latex/xcolor\svgnam.def
File: svgnam.def 2024/09/29 v3.02 Predefined colors according to SVG 1.1 (UK)
) (C:\Users\samin\AppData\Local\Programs\MiKTeX\tex/latex/graphics\dvipsnam.def
File: dvipsnam.def 2026-05-17 v3.0m Driver-dependent file (DPC,SPQR)
) (C:\Users\samin\AppData\Local\Programs\MiKTeX\tex/latex/hyperref\hyperref.sty
Package: hyperref 2026-06-17 v7.01r Hypertext links for LaTeX
 (C:\Users\samin\AppData\Local\Programs\MiKTeX\tex/generic/iftex\iftex.sty
Package: iftex 2024/12/12 v1.0g TeX engine tests
) (C:\Users\samin\AppData\Local\Programs\MiKTeX\tex/latex/kvsetkeys\kvsetkeys.sty
Package: kvsetkeys 2022-10-05 v1.19 Key value parser (HO)
) (C:\Users\samin\AppData\Local\Programs\MiKTeX\tex/generic/kvdefinekeys\kvdefinekeys.sty
Package: kvdefinekeys 2019-12-19 v1.6 Define keys (HO)
) (C:\Users\samin\AppData\Local\Programs\MiKTeX\tex/generic/pdfescape\pdfescape.sty
Package: pdfescape 2019/12/09 v1.15 Implements pdfTeX's escape features (HO)
 (C:\Users\samin\AppData\Local\Programs\MiKTeX\tex/generic/ltxcmds\ltxcmds.sty
Package: ltxcmds 2023-12-04 v1.26 LaTeX kernel commands for general use (HO)
) (C:\Users\samin\AppData\Local\Programs\MiKTeX\tex/generic/pdftexcmds\pdftexcmds.sty
Package: pdftexcmds 2020-06-27 v0.33 Utility functions of pdfTeX for LuaTeX (HO)
 (C:\Users\samin\AppData\Local\Programs\MiKTeX\tex/generic/infwarerr\infwarerr.sty
Package: infwarerr 2019/12/03 v1.5 Providing info/warning/error messages (HO)
)
Package pdftexcmds Info: \pdf@primitive is available.
Package pdftexcmds Info: \pdf@ifprimitive is available.
Package pdftexcmds Info: \pdfdraftmode found.
)) (C:\Users\samin\AppData\Local\Programs\MiKTeX\tex/latex/hycolor\hycolor.sty
Package: hycolor 2020-01-27 v1.10 Color options for hyperref/bookmark (HO)
) (C:\Users\samin\AppData\Local\Programs\MiKTeX\tex/latex/hyperref\nameref.sty
Package: nameref 2026-01-29 v2.58 Cross-referencing by name of section
 (C:\Users\samin\AppData\Local\Programs\MiKTeX\tex/latex/refcount\refcount.sty
Package: refcount 2019/12/15 v3.6 Data extraction from label references (HO)
) (C:\Users\samin\AppData\Local\Programs\MiKTeX\tex/generic/gettitlestring\gettitlestring.sty
Package: gettitlestring 2019/12/15 v1.6 Cleanup title references (HO)
 (C:\Users\samin\AppData\Local\Programs\MiKTeX\tex/latex/kvoptions\kvoptions.sty
Package: kvoptions 2022-06-15 v3.15 Key value format for package options (HO)
))
\c@section@level=\count310
) (C:\Users\samin\AppData\Local\Programs\MiKTeX\tex/generic/stringenc\stringenc.sty
Package: stringenc 2019/11/29 v1.12 Convert strings between diff. encodings (HO)
)
\@linkdim=\dimen182
\Hy@linkcounter=\count311
\Hy@pagecounter=\count312
 (C:\Users\samin\AppData\Local\Programs\MiKTeX\tex/latex/hyperref\pd1enc.def
File: pd1enc.def 2026-06-17 v7.01r Hyperref: PDFDocEncoding definition (HO)
Now handling font encoding PD1 ...
... no UTF-8 mapping file for font encoding PD1
) (C:\Users\samin\AppData\Local\Programs\MiKTeX\tex/generic/intcalc\intcalc.sty
Package: intcalc 2019/12/15 v1.3 Expandable calculations with integers (HO)
)
\Hy@SavedSpaceFactor=\count313
 (C:\Users\samin\AppData\Local\Programs\MiKTeX\tex/latex/hyperref\puenc.def
File: puenc.def 2026-06-17 v7.01r Hyperref: PDF Unicode definition (HO)
Now handling font encoding PU ...
... no UTF-8 mapping file for font encoding PU
)
Package hyperref Info: Option `colorlinks' set `true' on input line 4070.
Package hyperref Info: Hyper figures OFF on input line 4199.
Package hyperref Info: Link nesting OFF on input line 4204.
Package hyperref Info: Hyper index ON on input line 4207.
Package hyperref Info: Plain pages OFF on input line 4214.
Package hyperref Info: Backreferencing OFF on input line 4219.
Package hyperref Info: Implicit mode ON; LaTeX internals redefined.
Package hyperref Info: Bookmarks ON on input line 4466.
\c@Hy@tempcnt=\count314
 (C:\Users\samin\AppData\Local\Programs\MiKTeX\tex/latex/url\url.sty
\Urlmuskip=\muskip18
Package: url 2013/09/16  ver 3.4  Verb mode for urls, etc.
)
LaTeX Info: Redefining \url on input line 4805.
\XeTeXLinkMargin=\dimen183
 (C:\Users\samin\AppData\Local\Programs\MiKTeX\tex/generic/bitset\bitset.sty
Package: bitset 2019/12/09 v1.3 Handle bit-vector datatype (HO)
 (C:\Users\samin\AppData\Local\Programs\MiKTeX\tex/generic/bigintcalc\bigintcalc.sty
Package: bigintcalc 2019/12/15 v1.5 Expandable calculations on big integers (HO)
))
\Fld@menulength=\count315
\Field@Width=\dimen184
\Fld@charsize=\dimen185
Package hyperref Info: Hyper figures OFF on input line 6091.
Package hyperref Info: Link nesting OFF on input line 6096.
Package hyperref Info: Hyper index ON on input line 6099.
Package hyperref Info: backreferencing OFF on input line 6106.
Package hyperref Info: Link coloring ON on input line 6109.
Package hyperref Info: Link coloring with OCG OFF on input line 6116.
Package hyperref Info: PDF/A mode OFF on input line 6121.
\Hy@abspage=\count316
\c@Item=\count317
\c@Hfootnote=\count318
)
Package hyperref Info: Driver (autodetected): hpdftex.
 (C:\Users\samin\AppData\Local\Programs\MiKTeX\tex/latex/hyperref\hpdftex.def
File: hpdftex.def 2026-06-17 v7.01r Hyperref driver for pdfTeX
\Fld@listcount=\count319
\c@bookmark@seq@number=\count320
 (C:\Users\samin\AppData\Local\Programs\MiKTeX\tex/latex/rerunfilecheck\rerunfilecheck.sty
Package: rerunfilecheck 2025-06-21 v1.11 Rerun checks for auxiliary files (HO)
 (C:\Users\samin\AppData\Local\Programs\MiKTeX\tex/generic/uniquecounter\uniquecounter.sty
Package: uniquecounter 2019/12/15 v1.4 Provide unlimited unique counter (HO)
)
Package uniquecounter Info: New unique counter `rerunfilecheck' on input line 284.
)
\Hy@SectionHShift=\skip60
) (cas-common.sty
\l_stm_title_before_dim=\dimen186
\l_stm_title_after_dim=\dimen187
\g_ead_int=\count321
\g_uad_int=\count322
\@eadauthor=\toks26
\g_stm_tnote_int=\count323
\g_stm_fnote_int=\count324
\g_stm_cor_int=\count325
\g_stm_au_int=\count326
\g_stm_aau_int=\count327
\l_autype_int=\count328
\l_stm_augroup_before_dim=\dimen188
\l_stm_augroup_after_dim=\dimen189
\l_stm_augroup_lskip_tl=\dimen190
\l_stm_augroup_rskip_tl=\dimen191
\g_stm_aff_int=\count329
\g_stm_aff_ext_int=\count330
\g_stm_aff_int_int=\count331
\g_stm_fn_aff_ext_int=\count332
\g_stm_fn_aff_int_int=\count333
\l_stm_aff_before_dim=\dimen192
\l_stm_aff_after_dim=\dimen193
\l_stm_aff_lskip_dim=\dimen194
\l_stm_aff_rskip_dim=\dimen195
\g_stm_augr_int=\count334
\g_stm_aaugr_int=\count335
 (C:\Users\samin\AppData\Local\Programs\MiKTeX\tex/latex/moreverb\moreverb.sty
Package: moreverb 2008/06/03 v2.3a `more' verbatim facilities
 (C:\Users\samin\AppData\Local\Programs\MiKTeX\tex/latex/tools\verbatim.sty
Package: verbatim 2024-01-22 v1.5x LaTeX2e package for verbatim enhancements
\every@verbatim=\toks27
\verbatim@line=\toks28
\verbatim@in@stream=\read2
)
\tab@position=\count336
\tab@size=\count337
\listing@line=\count338
)
\g_stm_abs_box=\box57
\casgrabsbox=\box58
\casauhlbox=\box59
\g_stm_key_box=\box60
\g_stm_jtype_int=\count339
\g_stm_blind_int=\count340
\c@au=\count341
\c@cnote=\count342
\c@tnote=\count343
\c@fnote=\count344
\c@aff=\count345
\g_stm_notes_box=\box61
\g_stm_front_box=\box62
\paraindent=\dimen196
\subparaindent=\dimen197
\FullWidth=\dimen198
\l_tbl_width_dim=\dimen199
\l_tbl_abovecap_skip=\skip61
\l_tbl_belowcap_skip=\skip62
\l_tbl_abovetbl_skip=\skip63
\l_tbl_belowtbl_skip=\skip64
\l_fig_width_dim=\dimen256
\cascaptionbox=\box63
\l_fig_abovecap_skip=\skip65
\l_fig_belowcap_skip=\skip66
\l_fig_abovefig_skip=\skip67
\l_fig_belowfig_skip=\skip68
 (C:\Users\samin\AppData\Local\Programs\MiKTeX\tex/latex/wrapfig\wrapfig.sty
\wrapoverhang=\dimen257
\WF@size=\dimen258
\c@WF@wrappedlines=\count346
\WF@box=\box64
\WF@everypar=\toks29
Package: wrapfig 2003/01/31  v 3.6
)
\l_wrap_figwidth_dim=\dimen259
\l_wrap_fighspace_dim=\dimen260
\l_wrap_figvspace_dim=\dimen261
\l_wrap_fighcorr_dim=\dimen262
\l_wrap_figvcorr_dim=\dimen263
\l_above_bio_dim=\dimen264
\l_wrap_figlcorr_int=\count347
\l_wrap_figlines_int=\count348
\l_bio_text_box=\box65
\c@ca_biography_ctr=\count349
\l_ca_temp_inta=\count350
\leftMargin=\dimen265
\@enLab=\toks30
\@sep=\skip69
\@@sep=\skip70
) (C:\Users\samin\AppData\Local\Programs\MiKTeX\tex/latex/base\fontenc.sty
Package: fontenc 2025/07/18 v2.1d Standard LaTeX package
) (C:\Users\samin\AppData\Local\Programs\MiKTeX\tex/latex/stix\stix.sty
Package: stix 2018/04/17 v1.1.3-latex STIX fonts support package
 (C:\Users\samin\AppData\Local\Programs\MiKTeX\tex/latex/base\textcomp.sty
Package: textcomp 2024/04/24 v2.1b Standard LaTeX package
LaTeX Font Info:    Changing ? sub-encoding to TS1/0 on input line 75.
)
LaTeX Encoding Info:    Text command \textpertenthousand (encoding T1) is not declared on input line 51.
LaTeX Encoding Info:    Redeclaring text command \textpertenthousand (encoding ?) on input line 52.
Now handling font encoding LS1 ...
... no UTF-8 mapping file for font encoding LS1
Now handling font encoding LS2 ...
... no UTF-8 mapping file for font encoding LS2
LaTeX Font Info:    Redeclaring symbol font `letters' on input line 76.
LaTeX Font Info:    Encoding `OML' has changed to `LS1' for symbol font
(Font)              `letters' in the math version `normal' on input line 76.
LaTeX Font Info:    Overwriting symbol font `letters' in version `normal'
(Font)                  OML/cmm/m/it --> LS1/stix/m/it on input line 76.
LaTeX Font Info:    Encoding `OML' has changed to `LS1' for symbol font
(Font)              `letters' in the math version `bold' on input line 76.
LaTeX Font Info:    Overwriting symbol font `letters' in version `bold'
(Font)                  OML/cmm/b/it --> LS1/stix/m/it on input line 76.
LaTeX Font Info:    Redeclaring symbol font `operators' on input line 77.
LaTeX Font Info:    Encoding `OT1' has changed to `LS1' for symbol font
(Font)              `operators' in the math version `normal' on input line 77.
LaTeX Font Info:    Overwriting symbol font `operators' in version `normal'
(Font)                  OT1/cmr/m/n --> LS1/stix/m/n on input line 77.
LaTeX Font Info:    Encoding `OT1' has changed to `LS1' for symbol font
(Font)              `operators' in the math version `bold' on input line 77.
LaTeX Font Info:    Overwriting symbol font `operators' in version `bold'
(Font)                  OT1/cmr/bx/n --> LS1/stix/m/n on input line 77.
\symbold-operators=\mathgroup6
LaTeX Font Info:    Redeclaring symbol font `symbols' on input line 79.
LaTeX Font Info:    Encoding `OMS' has changed to `LS1' for symbol font
(Font)              `symbols' in the math version `normal' on input line 79.
LaTeX Font Info:    Overwriting symbol font `symbols' in version `normal'
(Font)                  OMS/cmsy/m/n --> LS1/stixscr/m/n on input line 79.
LaTeX Font Info:    Encoding `OMS' has changed to `LS1' for symbol font
(Font)              `symbols' in the math version `bold' on input line 79.
LaTeX Font Info:    Overwriting symbol font `symbols' in version `bold'
(Font)                  OMS/cmsy/b/n --> LS1/stixscr/m/n on input line 79.
\symsymbols2=\mathgroup7
\symsymbols3=\mathgroup8
\symsymbols4=\mathgroup9
\symintegrals=\mathgroup10
LaTeX Font Info:    Redeclaring symbol font `largesymbols' on input line 84.
LaTeX Font Info:    Encoding `OMX' has changed to `LS2' for symbol font
(Font)              `largesymbols' in the math version `normal' on input line 84.
LaTeX Font Info:    Overwriting symbol font `largesymbols' in version `normal'
(Font)                  OMX/cmex/m/n --> LS2/stixex/m/n on input line 84.
LaTeX Font Info:    Encoding `OMX' has changed to `LS2' for symbol font
(Font)              `largesymbols' in the math version `bold' on input line 84.
LaTeX Font Info:    Overwriting symbol font `largesymbols' in version `bold'
(Font)                  OMX/cmex/m/n --> LS2/stixex/m/n on input line 84.
\symarrows1=\mathgroup11
\symarrows2=\mathgroup12
\symarrows3=\mathgroup13
LaTeX Font Info:    Overwriting symbol font `letters' in version `bold'
(Font)                  LS1/stix/m/it --> LS1/stix/b/it on input line 88.
LaTeX Font Info:    Overwriting symbol font `operators' in version `bold'
(Font)                  LS1/stix/m/n --> LS1/stix/b/n on input line 89.
LaTeX Font Info:    Overwriting symbol font `symbols' in version `bold'
(Font)                  LS1/stixscr/m/n --> LS1/stixscr/b/n on input line 90.
LaTeX Font Info:    Overwriting symbol font `symbols2' in version `bold'
(Font)                  LS1/stixfrak/m/n --> LS1/stixfrak/b/n on input line 91.
LaTeX Font Info:    Overwriting symbol font `symbols3' in version `bold'
(Font)                  LS1/stixbb/m/n --> LS1/stixbb/b/n on input line 92.
LaTeX Font Info:    Overwriting symbol font `symbols4' in version `bold'
(Font)                  LS1/stixbb/m/it --> LS1/stixbb/b/it on input line 93.
LaTeX Font Info:    Overwriting symbol font `integrals' in version `bold'
(Font)                  LS2/stixcal/m/n --> LS2/stixcal/b/n on input line 94.
LaTeX Font Info:    Overwriting symbol font `largesymbols' in version `bold'
(Font)                  LS2/stixex/m/n --> LS2/stixex/b/n on input line 95.
LaTeX Font Info:    Overwriting symbol font `arrows1' in version `bold'
(Font)                  LS1/stixsf/m/n --> LS1/stixsf/b/n on input line 96.
LaTeX Font Info:    Overwriting symbol font `arrows2' in version `bold'
(Font)                  LS1/stixsf/m/it --> LS1/stixsf/b/it on input line 97.
LaTeX Font Info:    Overwriting symbol font `arrows3' in version `bold'
(Font)                  LS2/stixtt/m/n --> LS2/stixtt/b/n on input line 98.
LaTeX Font Info:    Redeclaring math alphabet \mathit on input line 99.
LaTeX Font Info:    Redeclaring math alphabet \mathfrak on input line 102.
LaTeX Font Info:    Redeclaring math alphabet \mathsf on input line 106.
LaTeX Font Info:    Redeclaring math alphabet \mathtt on input line 108.
LaTeX Font Info:    Redeclaring math alphabet \mathbf on input line 109.
LaTeX Info: Redefining \yen on input line 456.
LaTeX Info: Redefining \circledR on input line 458.
LaTeX Info: Redefining \checkmark on input line 460.
LaTeX Info: Redefining \maltese on input line 461.
LaTeX Font Info:    Redeclaring math accent \grave on input line 698.
LaTeX Font Info:    Redeclaring math accent \acute on input line 699.
LaTeX Font Info:    Redeclaring math accent \hat on input line 700.
LaTeX Font Info:    Redeclaring math accent \tilde on input line 701.
LaTeX Font Info:    Redeclaring math accent \bar on input line 702.
LaTeX Font Info:    Redeclaring math accent \breve on input line 703.
LaTeX Font Info:    Redeclaring math accent \dot on input line 704.
LaTeX Font Info:    Redeclaring math accent \ddot on input line 705.
LaTeX Font Info:    Redeclaring math accent \mathring on input line 707.
LaTeX Font Info:    Redeclaring math accent \check on input line 708.
LaTeX Font Info:    Redeclaring math accent \vec on input line 716.
LaTeX Font Info:    Redeclaring math accent \widehat on input line 728.
LaTeX Font Info:    Redeclaring math accent \widetilde on input line 729.
LaTeX Info: Redefining \vdots on input line 1518.
LaTeX Info: Redefining \cdots on input line 1522.
LaTeX Font Info:    Redeclaring math symbol \mathsterling on input line 1978.
LaTeX Info: Redefining \not on input line 2144.
) (C:\Users\samin\AppData\Local\Programs\MiKTeX\tex/latex/inconsolata\inconsolata.sty
Package: inconsolata 2019/05/17 v1.12
 `inconsolata-zi4' v1.12, 2019/05/17 Text macros for Inconsolata (msharpe) (C:\Users\samin\AppData\Local\Programs\MiKTeX\tex/latex/xkeyval\xkeyval.sty
Package: xkeyval 2022/06/16 v2.9 package option processing (HA)
 (C:\Users\samin\AppData\Local\Programs\MiKTeX\tex/generic/xkeyval\xkeyval.tex (C:\Users\samin\AppData\Local\Programs\MiKTeX\tex/generic/xkeyval\xkvutils.tex
\XKV@toks=\toks31
\XKV@tempa@toks=\toks32
)
\XKV@depth=\count351
File: xkeyval.tex 2014/12/03 v2.7a key=value parser (HA)
))
\zifour@ocount=\count352
) (C:\Users\samin\AppData\Local\Programs\MiKTeX\tex/latex/geometry\geometry.sty
Package: geometry 2026/03/07 v6.0 Page Geometry
 (C:\Users\samin\AppData\Local\Programs\MiKTeX\tex/generic/iftex\ifvtex.sty
Package: ifvtex 2019/10/25 v1.7 ifvtex legacy package. Use iftex instead.
)
\Gm@cnth=\count353
\Gm@cntv=\count354
\c@Gm@tempcnt=\count355
\Gm@bindingoffset=\dimen266
\Gm@wd@mp=\dimen267
\Gm@odd@mp=\dimen268
\Gm@even@mp=\dimen269
\Gm@layoutwidth=\dimen270
\Gm@layoutheight=\dimen271
\Gm@layouthoffset=\dimen272
\Gm@layoutvoffset=\dimen273
\Gm@dimlist=\toks33
 (C:\Users\samin\AppData\Local\Programs\MiKTeX\tex/latex/geometry\geometry.cfg))) (C:\Users\samin\AppData\Local\Programs\MiKTeX\tex/latex/natbib\natbib.sty
Package: natbib 2010/09/13 8.31b (PWD, AO)
\bibhang=\skip71
\bibsep=\skip72
LaTeX Info: Redefining \cite on input line 694.
\c@NAT@ctr=\count356
) (C:\Users\samin\AppData\Local\Programs\MiKTeX\tex/latex/caption\caption.sty
Package: caption 2023/08/05 v3.6o Customizing captions (AR)
 (C:\Users\samin\AppData\Local\Programs\MiKTeX\tex/latex/caption\caption3.sty
Package: caption3 2023/07/31 v2.4d caption3 kernel (AR)
\caption@tempdima=\dimen274
\captionmargin=\dimen275
\caption@leftmargin=\dimen276
\caption@rightmargin=\dimen277
\caption@width=\dimen278
\caption@indent=\dimen279
\caption@parindent=\dimen280
\caption@hangindent=\dimen281
Package caption Info: Standard document class detected.
)
\c@caption@flags=\count357
\c@continuedfloat=\count358
Package caption Info: hyperref package is loaded.
Package caption Info: wrapfig package is loaded.
)
LaTeX Font Info:    Trying to load font information for T1+stix on input line 46.
 (C:\Users\samin\AppData\Local\Programs\MiKTeX\tex/latex/stix\t1stix.fd
File: t1stix.fd 2015/04/17 v1.1.2-latex STIX T1 font definitions
) (cas-dc-template.aux)
\openout1 = `cas-dc-template.aux'.

LaTeX Font Info:    Checking defaults for OML/cmm/m/it on input line 46.
LaTeX Font Info:    ... okay on input line 46.
LaTeX Font Info:    Checking defaults for OMS/cmsy/m/n on input line 46.
LaTeX Font Info:    ... okay on input line 46.
LaTeX Font Info:    Checking defaults for OT1/cmr/m/n on input line 46.
LaTeX Font Info:    ... okay on input line 46.
LaTeX Font Info:    Checking defaults for T1/cmr/m/n on input line 46.
LaTeX Font Info:    ... okay on input line 46.
LaTeX Font Info:    Checking defaults for TS1/cmr/m/n on input line 46.
LaTeX Font Info:    ... okay on input line 46.
LaTeX Font Info:    Checking defaults for OMX/cmex/m/n on input line 46.
LaTeX Font Info:    ... okay on input line 46.
LaTeX Font Info:    Checking defaults for U/cmr/m/n on input line 46.
LaTeX Font Info:    ... okay on input line 46.
LaTeX Font Info:    Checking defaults for PD1/pdf/m/n on input line 46.
LaTeX Font Info:    ... okay on input line 46.
LaTeX Font Info:    Checking defaults for PU/pdf/m/n on input line 46.
LaTeX Font Info:    ... okay on input line 46.
LaTeX Font Info:    Checking defaults for LS1/stix/m/n on input line 46.
LaTeX Font Info:    Trying to load font information for LS1+stix on input line 46.
 (C:\Users\samin\AppData\Local\Programs\MiKTeX\tex/latex/stix\ls1stix.fd
File: ls1stix.fd 2015/04/17 v1.1.2-latex STIX LS1 font definitions
)
LaTeX Font Info:    ... okay on input line 46.
LaTeX Font Info:    Checking defaults for LS2/stix/m/n on input line 46.
LaTeX Font Info:    Trying to load font information for LS2+stix on input line 46.
 (C:\Users\samin\AppData\Local\Programs\MiKTeX\tex/latex/stix\ls2stix.fd
File: ls2stix.fd 2015/04/17 v1.1.2-latex STIX LS2 font definitions
)
LaTeX Font Info:    ... okay on input line 46.
 (C:\Users\samin\AppData\Local\Programs\MiKTeX\tex/context/base/mkii\supp-pdf.mkii
[Loading MPS to PDF converter (version 2006.09.02).]
\scratchcounter=\count359
\scratchdimen=\dimen282
\scratchbox=\box66
\nofMPsegments=\count360
\nofMParguments=\count361
\everyMPshowfont=\toks34
\MPscratchCnt=\count362
\MPscratchDim=\dimen283
\MPnumerator=\count363
\makeMPintoPDFobject=\count364
\everyMPtoPDFconversion=\toks35
) (C:\Users\samin\AppData\Local\Programs\MiKTeX\tex/latex/epstopdf-pkg\epstopdf-base.sty
Package: epstopdf-base 2020-01-24 v2.11 Base part for package epstopdf
Package epstopdf-base Info: Redefining graphics rule for `.eps' on input line 485.
 (C:\Users\samin\AppData\Local\Programs\MiKTeX\tex/latex/00miktex\epstopdf-sys.cfg
File: epstopdf-sys.cfg 2021/03/18 v2.0 Configuration of epstopdf for MiKTeX
))
LaTeX Info: Command `\dddot' is already robust on input line 46.
LaTeX Info: Command `\ddddot' is already robust on input line 46.
Package hyperref Info: Link coloring ON on input line 46.
 (cas-dc-template.out) (cas-dc-template.out)
\@outlinefile=\write3
\openout3 = `cas-dc-template.out'.

 (C:\Users\samin\AppData\Local\Programs\MiKTeX\tex/latex/upquote\upquote.sty
Package: upquote 2012/04/19 v1.3 upright-quote and grave-accent glyphs in verbatim
)
*geometry* driver: auto-detecting
*geometry* detected driver: pdftex
*geometry* verbose mode - [ preamble ] result:
* driver: pdftex
* paper: custom
* layout: <same size as paper>
* layoutoffset:(h,v)=(0.0pt,0.0pt)
* modes: 
* h-part:(L,W,R)=(51.4995pt, 494.50888pt, 51.4995pt)
* v-part:(T,H,B)=(55.48286pt, 689.4103pt, 51.784pt)
* \paperwidth=597.50787pt
* \paperheight=796.67715pt
* \textwidth=494.50888pt
* \textheight=689.4103pt
* \oddsidemargin=-20.7705pt
* \evensidemargin=-20.7705pt
* \topmargin=-40.78712pt
* \headheight=12.0pt
* \headsep=12.0pt
* \topskip=10.0pt
* \footskip=12.0pt
* \marginparwidth=57.0pt
* \marginparsep=11.0pt
* \columnsep=18.0pt
* \skip\footins=9.0pt plus 4.0pt minus 2.0pt
* \hoffset=0.0pt
* \voffset=0.0pt
* \mag=1000
* \@twocolumnfalse
* \@twosidefalse
* \@mparswitchfalse
* \@reversemarginfalse
* (1in=72.27pt=25.4mm, 1cm=28.453pt)

Package caption Info: Begin \AtBeginDocument code.
Package caption Info: End \AtBeginDocument code.
\verbatim@out=\write4
\openout4 = `cas-dc-template.abs'.

LaTeX Font Info:    Trying to load font information for TS1+stix on input line 137.
(C:\Users\samin\AppData\Local\Programs\MiKTeX\tex/latex/stix\ts1stix.fd
File: ts1stix.fd 2015/04/17 v1.1.2-latex STIX TS1 font definitions
)
Underfull \hbox (badness 2707) in paragraph at lines 150--151
[]\T1/stix/m/n/8 Explainable AI (XAI), Trust-wor-thi-
 []

[0

{C:/Users/samin/AppData/Local/MiKTeX/fonts/map/pdftex/pdftex.map}{C:/Users/samin/AppData/Local/Programs/MiKTeX/fonts/enc/dvips/stix/stix-t1.enc}{C:/Users/samin/AppData/Local/Programs/MiKTeX/fonts/enc/dvips/stix/stix-ts1.enc}]
LaTeX Font Info:    Trying to load font information for LS1+stixscr on input line 153.
 (C:\Users\samin\AppData\Local\Programs\MiKTeX\tex/latex/stix\ls1stixscr.fd
File: ls1stixscr.fd 2015/04/17 v1.1.2-latex STIX script LS1 font definitions
)
LaTeX Font Info:    Trying to load font information for LS2+stixex on input line 153.
 (C:\Users\samin\AppData\Local\Programs\MiKTeX\tex/latex/stix\ls2stixex.fd
File: ls2stixex.fd 2015/04/17 v1.1.2-latex STIX extentions LS2 font definitions
)
LaTeX Font Info:    Trying to load font information for U+msa on input line 153.
 (C:\Users\samin\AppData\Local\Programs\MiKTeX\tex/latex/amsfonts\umsa.fd
File: umsa.fd 2013/01/14 v3.01 AMS symbols A
)
LaTeX Font Info:    Trying to load font information for U+msb on input line 153.
 (C:\Users\samin\AppData\Local\Programs\MiKTeX\tex/latex/amsfonts\umsb.fd
File: umsb.fd 2013/01/14 v3.01 AMS symbols B
)
LaTeX Font Info:    Trying to load font information for LS1+stixfrak on input line 153.
 (C:\Users\samin\AppData\Local\Programs\MiKTeX\tex/latex/stix\ls1stixfrak.fd
File: ls1stixfrak.fd 2015/04/17 v1.1.2-latex STIX fraktur LS1 font definitions
)
LaTeX Font Info:    Trying to load font information for LS1+stixbb on input line 153.
 (C:\Users\samin\AppData\Local\Programs\MiKTeX\tex/latex/stix\ls1stixbb.fd
File: ls1stixbb.fd 2015/04/17 v1.1.2-latex STIX blackboard LS1 font definitions
)
LaTeX Font Info:    Trying to load font information for LS2+stixcal on input line 153.
 (C:\Users\samin\AppData\Local\Programs\MiKTeX\tex/latex/stix\ls2stixcal.fd
File: ls2stixcal.fd 2015/04/17 v1.1.2-latex STIX calligraphic LS2 font definitions
)
LaTeX Font Info:    Trying to load font information for LS1+stixsf on input line 153.
 (C:\Users\samin\AppData\Local\Programs\MiKTeX\tex/latex/stix\ls1stixsf.fd
File: ls1stixsf.fd 2015/04/17 v1.1.2-latex STIX sans-serif LS1 font definitions
)
LaTeX Font Info:    Trying to load font information for LS2+stixtt on input line 153.
 (C:\Users\samin\AppData\Local\Programs\MiKTeX\tex/latex/stix\ls2stixtt.fd
File: ls2stixtt.fd 2015/04/17 v1.1.2-latex STIX typewriter LS2 font definitions
)
Overfull \hbox (123.62721pt too wide) detected at line 153
[]
 []

(cas-dc-template.abs)

Package hyperref Warning: Ignoring empty anchor on input line 153.

<thumbnails/cas-email.jpeg, id=11, 225.84375pt x 225.84375pt>
File: thumbnails/cas-email.jpeg Graphic file (type jpg)
<use thumbnails/cas-email.jpeg>
Package pdftex.def Info: thumbnails/cas-email.jpeg  used on input line 153.
(pdftex.def)             Requested size: 7.99838pt x 8.0pt.
LaTeX Font Info:    Trying to load font information for T1+zi4 on input line 153.
(C:\Users\samin\AppData\Local\Programs\MiKTeX\tex/latex/inconsolata\t1zi4.fd
File: t1zi4.fd 2018/01/14 T1/zi4 (Inconsolata)
)
LaTeX Font Info:    Font shape `T1/zi4/m/n' will be
(Font)              scaled to size 6.80005pt on input line 153.


Package hyperref Warning: Ignoring empty anchor on input line 153.

<thumbnails/cas-url.jpeg, id=12, 225.84375pt x 225.84375pt>
File: thumbnails/cas-url.jpeg Graphic file (type jpg)
<use thumbnails/cas-url.jpeg>
Package pdftex.def Info: thumbnails/cas-url.jpeg  used on input line 153.
(pdftex.def)             Requested size: 7.99838pt x 8.0pt.

Package hyperref Warning: Ignoring empty anchor on input line 153.


Package hyperref Warning: Ignoring empty anchor on input line 153.

[1

{C:/Users/samin/AppData/Local/Programs/MiKTeX/fonts/enc/dvips/inconsolata/i4-t1-0.enc}{C:/Users/samin/AppData/Local/Programs/MiKTeX/fonts/enc/dvips/cm-super/cm-super-t1.enc} <./thumbnails/cas-email.jpeg> <./thumbnails/cas-url.jpeg>]
Underfull \hbox (badness 10000) has occurred while \output is active
[]
 []

[2]
Underfull \hbox (badness 10000) has occurred while \output is active
[]
 []

[3]
<Flowchart.png, id=107, 3468.96pt x 2682.02pt>
File: Flowchart.png Graphic file (type png)
<use Flowchart.png>
Package pdftex.def Info: Flowchart.png  used on input line 224.
(pdftex.def)             Requested size: 238.25444pt x 184.20016pt.


Package caption Warning: The option `hypcap=true' will be ignored for this
(caption)                particular \caption on input line 225.
See the caption package documentation for explanation.


Underfull \hbox (badness 10000) has occurred while \output is active
[]
 []

[4 <./Flowchart.png>]
Underfull \hbox (badness 1521) in paragraph at lines 247--248
[]\T1/stix/b/n/10 FLRS: \T1/stix/m/n/10 FLRS (of-fi-cially Flow-ers [[]]) is a large
 []


Underfull \hbox (badness 10000) has occurred while \output is active
[]
 []

[5]
Overfull \hbox (6.2247pt too wide) in paragraph at lines 391--392
\T1/stix/m/n/10 (LMOS) to mea-sure the con-sis-tency be-tween model-generated
 []


Underfull \hbox (badness 10000) has occurred while \output is active
[]
 []

[6]
Underfull \hbox (badness 10000) has occurred while \output is active
[]
 []

[7]
LaTeX Font Info:    Font shape `T1/zi4/m/n' will be
(Font)              scaled to size 7.65005pt on input line 546.
<gradcam-figures/egypli-cnn.png, id=175, 2800.4625pt x 397.485pt>
File: gradcam-figures/egypli-cnn.png Graphic file (type png)
<use gradcam-figures/egypli-cnn.png>
Package pdftex.def Info: gradcam-figures/egypli-cnn.png  used on input line 575.
(pdftex.def)             Requested size: 356.047pt x 50.5346pt.
<gradcam-figures/egypli-mobilenetv2.png, id=176, 2800.4625pt x 397.485pt>
File: gradcam-figures/egypli-mobilenetv2.png Graphic file (type png)
<use gradcam-figures/egypli-mobilenetv2.png>
Package pdftex.def Info: gradcam-figures/egypli-mobilenetv2.png  used on input line 575.
(pdftex.def)             Requested size: 356.047pt x 50.5346pt.
<gradcam-figures/bdmedileaves-inception.png, id=177, 2016.333pt x 286.1892pt>
File: gradcam-figures/bdmedileaves-inception.png Graphic file (type png)
<use gradcam-figures/bdmedileaves-inception.png>
Package pdftex.def Info: gradcam-figures/bdmedileaves-inception.png  used on input line 575.
(pdftex.def)             Requested size: 356.047pt x 50.53365pt.
<gradcam-figures/bdmedileaves-xception.png, id=178, 2016.333pt x 286.1892pt>
File: gradcam-figures/bdmedileaves-xception.png Graphic file (type png)
<use gradcam-figures/bdmedileaves-xception.png>
Package pdftex.def Info: gradcam-figures/bdmedileaves-xception.png  used on input line 575.
(pdftex.def)             Requested size: 356.047pt x 50.53365pt.
<gradcam-figures/tensorflow-inception.png, id=179, 2800.4625pt x 397.485pt>
File: gradcam-figures/tensorflow-inception.png Graphic file (type png)
<use gradcam-figures/tensorflow-inception.png>
Package pdftex.def Info: gradcam-figures/tensorflow-inception.png  used on input line 575.
(pdftex.def)             Requested size: 356.047pt x 50.5346pt.
<gradcam-figures/tensorflow-xception.png, id=180, 2800.4625pt x 397.485pt>
File: gradcam-figures/tensorflow-xception.png Graphic file (type png)
<use gradcam-figures/tensorflow-xception.png>
Package pdftex.def Info: gradcam-figures/tensorflow-xception.png  used on input line 575.
(pdftex.def)             Requested size: 356.047pt x 50.5346pt.
<gradcam-figures/turkish-inception.png, id=181, 2016.333pt x 286.1892pt>
File: gradcam-figures/turkish-inception.png Graphic file (type png)
<use gradcam-figures/turkish-inception.png>
Package pdftex.def Info: gradcam-figures/turkish-inception.png  used on input line 575.
(pdftex.def)             Requested size: 356.047pt x 50.53365pt.
<gradcam-figures/turkish-xception.png, id=182, 2016.333pt x 286.1892pt>
File: gradcam-figures/turkish-xception.png Graphic file (type png)
<use gradcam-figures/turkish-xception.png>
Package pdftex.def Info: gradcam-figures/turkish-xception.png  used on input line 575.
(pdftex.def)             Requested size: 356.047pt x 50.53365pt.

Underfull \hbox (badness 1072) in paragraph at lines 584--585
\T1/stix/m/n/10 tions with cor-re-spond-ing LMOS val-ues across the four
 []


Underfull \hbox (badness 1082) in paragraph at lines 584--585
\T1/stix/m/n/10 Hue, Blur, Con-trast, and Com-pres-sion pan-els show the
 []


Underfull \hbox (badness 1189) in paragraph at lines 584--585
\T1/stix/m/n/10 im-age af-ter ap-ply-ing the re-spec-tive in-put per-tur-ba-tions.
 []


Underfull \hbox (badness 1394) in paragraph at lines 584--585
\T1/stix/m/n/10 The LMOS value as-so-ci-ated with each vi-su-al-iza-tion is
 []

<threshold-figures/image.png, id=184, 1997.4625pt x 332.24126pt>
File: threshold-figures/image.png Graphic file (type png)
<use threshold-figures/image.png>
Package pdftex.def Info: threshold-figures/image.png  used on input line 600.
(pdftex.def)             Requested size: 484.61658pt x 80.60641pt.
<threshold-figures/12.png, id=185, 1438.173pt x 239.2137pt>
File: threshold-figures/12.png Graphic file (type png)
<use threshold-figures/12.png>
Package pdftex.def Info: threshold-figures/12.png  used on input line 601.
(pdftex.def)             Requested size: 484.61658pt x 80.6052pt.
<threshold-figures/16.png, id=186, 1438.173pt x 239.2137pt>
File: threshold-figures/16.png Graphic file (type png)
<use threshold-figures/16.png>
Package pdftex.def Info: threshold-figures/16.png  used on input line 602.
(pdftex.def)             Requested size: 484.61658pt x 80.6052pt.
<threshold-figures/4.png, id=187, 1438.173pt x 239.2137pt>
File: threshold-figures/4.png Graphic file (type png)
<use threshold-figures/4.png>
Package pdftex.def Info: threshold-figures/4.png  used on input line 603.
(pdftex.def)             Requested size: 484.61658pt x 80.6052pt.

Underfull \hbox (badness 10000) has occurred while \output is active
[]
 []

[8]
Underfull \hbox (badness 10000) has occurred while \output is active
[]
 []

[9 <./gradcam-figures/egypli-cnn.png (PNG copy)> <./gradcam-figures/egypli-mobilenetv2.png (PNG copy)> <./gradcam-figures/bdmedileaves-inception.png> <./gradcam-figures/bdmedileaves-xception.png> <./gradcam-figures/tensorflow-inception.png (PNG copy)> <./gradcam-figures/tensorflow-xception.png (PNG copy)> <./gradcam-figures/turkish-inception.png> <./gradcam-figures/turkish-xception.png>]
Underfull \hbox (badness 1297) in paragraph at lines 695--696
[]\T1/stix/m/n/10 A sim-i-lar trend is ob-served on the BDML dataset.
 []


Underfull \hbox (badness 1983) in paragraph at lines 695--696
\T1/stix/m/n/10 mean-ing-ful vi-sual ex-pla-na-tions. For ex-am-ple, Xcep-tion
 []


Underfull \hbox (badness 1436) in paragraph at lines 695--696
\T1/stix/m/n/10 achieves lower ac-cu-racy than DenseNet121 but ob-tains
 []


Underfull \hbox (badness 10000) has occurred while \output is active
[]
 []

[10 <./threshold-figures/image.png (PNG copy)> <./threshold-figures/12.png> <./threshold-figures/16.png> <./threshold-figures/4.png>]
Underfull \hbox (badness 1502) in paragraph at lines 701--703
\T1/stix/m/n/10 in-di-vid-ual com-po-nent. The in-te-gra-tion of ac-cu-racy and
 []


Underfull \hbox (badness 10000) in paragraph at lines 701--703

 []


Underfull \hbox (badness 10000) has occurred while \output is active
[]
 []

[11]
Underfull \hbox (badness 10000) has occurred while \output is active
[]
 []

[12]
Underfull \hbox (badness 1194) in paragraph at lines 1139--1140
\T1/stix/m/n/10 LMOS sta-bil-ity (0.8565), closely fol-lowed by Xcep-tion
 []


Overfull \hbox (0.42549pt too wide) in paragraph at lines 1141--1142
\T1/stix/m/n/10 lowed by DenseNet121 (0.8897) and Mo-bileNetV2 (0.8682).
 []


Underfull \hbox (badness 1701) in paragraph at lines 1143--1144
\T1/stix/m/n/10 con-firms these ob-ser-va-tions. Xcep-tion has ranked first,
 []


Underfull \hbox (badness 1708) in paragraph at lines 1354--1355
\T1/stix/m/n/10 the com-ple-men-tary roles of pre-dic-tion and ex-pla-na-tion
 []


Underfull \hbox (badness 2253) in paragraph at lines 1354--1355
\T1/stix/m/n/10 Res-NetV2 (0.9783). Most pre-trained ar-chi-tec-tures have
 []


Overfull \hbox (4.31546pt too wide) in paragraph at lines 1356--1357
\T1/stix/m/n/10 high-est mean LMOS sta-bil-ity (0.8741), fol-lowed by ResNet50
 []


Underfull \hbox (badness 10000) has occurred while \output is active
[]
 []

[13]
Overfull \hbox (0.4763pt too wide) in paragraph at lines 1358--1359
[]\T1/stix/m/n/10 Combining the two sta-bil-ity com-po-nents, Ta-ble [][]15[][] shows
 []


Underfull \hbox (badness 2707) in paragraph at lines 1358--1359
\T1/stix/m/n/10 In-cep-tion-Res-NetV2 (0.8900). Xcep-tion has con-sis-tently
 []


Underfull \hbox (badness 1810) in paragraph at lines 1360--1361
\T1/stix/m/n/10 con-firms the im-por-tance of in-cor-po-rat-ing both com-po-
 []


Underfull \hbox (badness 1968) in paragraph at lines 1360--1361
\T1/stix/m/n/10 sub-stan-tially re-duces the re-sult-ing score, demon-strat-ing
 []


Underfull \hbox (badness 10000) has occurred while \output is active
[]
 []

[14]
Overfull \hbox (0.6563pt too wide) in paragraph at lines 1576--1577
[]\T1/stix/m/n/10 By com-bin-ing both sta-bil-ity com-po-nents, Ta-ble [][]19[][] shows
 []


Underfull \hbox (badness 2042) in paragraph at lines 1576--1577
\T1/stix/m/n/10 fol-lowed by DenseNet121 (0.9393), In-cep-tion-Res-NetV2
 []


Underfull \hbox (badness 1394) in paragraph at lines 1578--1579
\T1/stix/m/n/10 ResNet50 has achieved a rel-a-tively high LMOS sta-bil-
 []


Overfull \hbox (2.3472pt too wide) in paragraph at lines 1584--1585
\T1/stix/m/n/10 and 0.8657, re-spec-tively, while Xcep-tion has achieved 0.8791
 []


Underfull \hbox (badness 1701) in paragraph at lines 1584--1585
\T1/stix/m/n/10 si-fi-ca-tion ac-cu-racy and lo-cal-iza-tion qual-ity on the leaf
 []


Underfull \hbox (badness 10000) has occurred while \output is active
[]
 []

[15]
Underfull \hbox (badness 10000) has occurred while \output is active
[]
 []

[16]
Underfull \hbox (badness 1377) in paragraph at lines 1596--1597
[]\T1/stix/m/n/10 Overall, the cross-dataset anal-y-sis demon-strates that
 []


Underfull \hbox (badness 1052) in paragraph at lines 1596--1597
\T1/stix/m/n/10 sub-stan-tially weaker ex-pla-na-tion qual-ity and ro-bust-ness.
 []


Underfull \hbox (badness 10000) has occurred while \output is active
[]
 []

[17]
Overfull \hbox (3.16129pt too wide) in paragraph at lines 1639--1640
\T1/stix/m/n/10 Draft, Writ-ing ^^U Re-view & Edit-ing. \T1/stix/b/n/10 Az-main In-quaid Haque:
 []


Underfull \hbox (badness 1509) in paragraph at lines 1639--1640
\T1/stix/m/n/10 In-ves-ti-ga-tion, Data Cu-ra-tion, Soft-ware, Val-i-da-tion. \T1/stix/b/n/10 Md.
 []


Underfull \hbox (badness 1931) in paragraph at lines 1639--1640
\T1/stix/b/n/10 Naz-mul Ab-dal: \T1/stix/m/n/10 Data Cu-ra-tion. \T1/stix/b/n/10 Ab-dul-lah Al No-man:
 []

LaTeX Font Info:    Font shape `T1/zi4/m/n' will be
(Font)              scaled to size 8.50006pt on input line 1646.
(cas-dc-template.bbl
Underfull \hbox (badness 10000) in paragraph at lines 95--98
[]\T1/stix/m/n/8 A. Ma-maev, ``Flow-ers recog-ni-tion | kag-gle,'' 2018.
 []


Underfull \hbox (badness 10000) in paragraph at lines 95--98
\T1/stix/m/n/8 https://www.kaggle.com/datasets/alxmamaev/flowers-recognition
 []


Underfull \hbox (badness 10000) has occurred while \output is active
[]
 []

[18]
Underfull \hbox (badness 1939) in paragraph at lines 126--129
[]\T1/stix/m/n/8 B. Singh, R. P. Sharma, and S. Dey, ``In-ter-pretable plant leaf
 []


Underfull \hbox (badness 2197) in paragraph at lines 126--129
\T1/stix/m/n/8 dis-ease de-tec-tion us-ing attention-enhanced cnn,'' \T1/stix/m/it/8 arXiv preprint
 []


Underfull \hbox (badness 1253) in paragraph at lines 164--166
[]\T1/stix/m/n/8 G. Zheng, W. Ye, and A. Zhang, ``Short-cut-probe: Prob-ing pre-
 []


Underfull \hbox (badness 5847) in paragraph at lines 164--166
\T1/stix/m/n/8 dic-tion short-cuts for learn-ing ro-bust mod-els,'' \T1/stix/m/it/8 arXiv preprint
 []


Underfull \hbox (badness 2334) in paragraph at lines 251--254
[]\T1/stix/m/n/8 V. Pet-siuk, A. Das, and K. Saenko, ``Rise: Ran-dom-ized in-put
 []


Underfull \hbox (badness 2460) in paragraph at lines 251--254
\T1/stix/m/n/8 sam-pling for ex-pla-na-tion of black-box mod-els,'' \T1/stix/m/it/8 arXiv preprint
 []

)
Underfull \hbox (badness 10000) has occurred while \output is active
[]
 []

[19] (cas-dc-template.aux)
 ***********
LaTeX2e <2026-06-01>
L3 programming layer <2026-07-20>
 ***********
Package rerunfilecheck Info: File `cas-dc-template.out' has not changed.
(rerunfilecheck)             Checksum: D41D8CD98F00B204E9800998ECF8427E;0.
 ) 
Here is how much of TeX's memory you used:
 18496 strings out of 467501
 289129 string characters out of 5408550
 766494 words of memory out of 5000000
 47323 multiletter control sequences out of 15000+600000
 744274 words of font info for 184 fonts, out of 8000000 for 9000
 1141 hyphenation exceptions out of 8191
 89i,14n,117p,3554b,659s stack positions out of 10000i,1000n,20000p,200000b,200000s
<C:/Users/samin/AppData/Local/Programs/MiKTeX/fonts/type1/public/inconsolata/Inconsolata-zi4r.pfb><C:/Users/samin/AppData/Local/Programs/MiKTeX/fonts/type1/public/stix/STIXGeneral-Bold.pfb><C:/Users/samin/AppData/Local/Programs/MiKTeX/fonts/type1/public/stix/STIXGeneral-BoldItalic.pfb><C:/Users/samin/AppData/Local/Programs/MiKTeX/fonts/type1/public/stix/STIXGeneral-Italic.pfb><C:/Users/samin/AppData/Local/Programs/MiKTeX/fonts/type1/public/stix/STIXGeneral-Regular.pfb><C:/Users/samin/AppData/Local/Programs/MiKTeX/fonts/type1/public/cm-super/sfss0800.pfb><C:/Users/samin/AppData/Local/Programs/MiKTeX/fonts/type1/public/cm-super/sfss0900.pfb><C:/Users/samin/AppData/Local/Programs/MiKTeX/fonts/type1/public/cm-super/sfsx0800.pfb><C:/Users/samin/AppData/Local/Programs/MiKTeX/fonts/type1/public/cm-super/sfsx0900.pfb><C:/Users/samin/AppData/Local/Programs/MiKTeX/fonts/type1/public/stix/stix-mathbb.pfb><C:/Users/samin/AppData/Local/Programs/MiKTeX/fonts/type1/public/stix/stix-mathcal.pfb><C:/Users/samin/AppData/Local/Programs/MiKTeX/fonts/type1/public/stix/stix-mathex.pfb><C:/Users/samin/AppData/Local/Programs/MiKTeX/fonts/type1/public/stix/stix-mathit.pfb><C:/Users/samin/AppData/Local/Programs/MiKTeX/fonts/type1/public/stix/stix-mathrm.pfb><C:/Users/samin/AppData/Local/Programs/MiKTeX/fonts/type1/public/stix/stix-mathscr.pfb>
Output written on cas-dc-template.pdf (20 pages, 12692977 bytes).
PDF statistics:
 413 PDF objects out of 1000 (max. 8388607)
 124 named destinations out of 1000 (max. 500000)
 76 words of extra memory for PDF output out of 10000 (max. 10000000)

